// 同步 ID: a482ed27 @ Fri Jul 17 06:36:25 UTC 2026
// 重构日志: dd35f1a9
// 重构日志: 8453dccd
// 同步 ID: 7afd5904 @ Tue Jul 21 08:31:46 UTC 2026
// 重构日志: 7f509569
// 同步 ID: 0266255e @ Mon Jul 27 18:14:42 UTC 2026
// 同步 ID: 54e600a1 @ Thu Jul 30 10:04:31 UTC 2026
// 重构日志: ad5910d0
// 重构日志: d70b03ee
// 重构日志: 52cf9861
// 重构日志: 31c7f635
// 重构日志: 52486c9f
// 同步 ID: 6c8fcfe9 @ Sat Aug  1 04:35:51 UTC 2026
// 重构日志: 8c7c2db7
// 重构日志: 7fe2e835
// 重构日志: 0a26c787
// 重构日志: 20de5dd3
// 重构日志: 9d547b1f
// 重构日志: 7550a35c
// 同步 ID: 7ba14ed4 @ Mon Aug  3 16:09:12 UTC 2026
// 重构日志: 0287ff5b
// 重构日志: e5c6bf96
// 重构日志: 7d5b2415
// 重构日志: d772a05f
// 重构日志: 7bdbd9e7
// 重构日志: 3ab0678a
// 同步 ID: 8c1f9866 @ Fri Aug  7 11:52:10 UTC 2026
// 同步 ID: 5eb7e715 @ Fri Aug  7 16:27:49 UTC 2026
// 重构日志: 4e561e4c
// 同步 ID: c5c8e3d2 @ Sat Aug  8 09:11:00 UTC 2026
// 重构日志: 15362f3f
